<html>
<body>
<pre>
<h1>µVision Build Log</h1>
<h2>Tool Versions:</h2>
IDE-Version: ¦ÌVision V5.22.0.0
Copyright (C) 2016 ARM Ltd and ARM Germany GmbH. All rights reserved.
License Information: j ½¯³Ðî£, j, LIC=Y2BKP-MV36A-03HM2-99Y15-HXERW-7XU2T
 
Tool Versions:
Toolchain:       MDK-ARM Professional  Version: 5.22
Toolchain Path:  F:\keil 5\ARM\ARMCC\Bin
C Compiler:      Armcc.exe V5.06 update 4 (build 422)
Assembler:       Armasm.exe V5.06 update 4 (build 422)
Linker/Locator:  ArmLink.exe V5.06 update 4 (build 422)
Library Manager: ArmAr.exe V5.06 update 4 (build 422)
Hex Converter:   FromElf.exe V5.06 update 4 (build 422)
CPU DLL:         SARMCM3.DLL V5.22
Dialog DLL:      DCM.DLL V1.13.9.0
Target DLL:      STLink\ST-LINKIII-KEIL_SWO.dll V2.0.18.0
Dialog DLL:      TCM.DLL V1.21.0.0
 
<h2>Project:</h2>
F:\xlab\Çï¶¬ÏîÄ¿\demo8_OLED\USER\OLED.uvprojx
Project File Date:  10/15/2023

<h2>Output:</h2>
*** Using Compiler 'V5.06 update 4 (build 422)', folder: 'F:\keil 5\ARM\ARMCC\Bin'
Rebuild target 'Target 1'
assembling startup_stm32f10x_hd.s...
compiling stm32f10x_dac.c...
compiling stm32f10x_bkp.c...
compiling core_cm3.c...
compiling DHT11.c...
compiling key.c...
compiling led.c...
compiling misc.c...
compiling stm32f10x_cec.c...
compiling stm32f10x_crc.c...
compiling stm32f10x_adc.c...
compiling oled.c...
compiling stm32f10x_can.c...
compiling stm32f10x_dbgmcu.c...
compiling stm32f10x_dma.c...
compiling stm32f10x_exti.c...
compiling stm32f10x_fsmc.c...
compiling stm32f10x_flash.c...
compiling stm32f10x_iwdg.c...
compiling stm32f10x_gpio.c...
compiling stm32f10x_i2c.c...
compiling stm32f10x_pwr.c...
compiling stm32f10x_rtc.c...
compiling stm32f10x_rcc.c...
compiling stm32f10x_sdio.c...
compiling stm32f10x_spi.c...
compiling stm32f10x_usart.c...
compiling stm32f10x_tim.c...
compiling stm32f10x_wwdg.c...
compiling delay.c...
compiling usart.c...
compiling sys.c...
compiling system.c...
compiling SysTick.c...
..\SYSTEM\public\SysTick.c(4): warning:  #550-D: variable "fac_ms"  was set but never used
  static u16 fac_ms=0;							//msÑÓÊ±±¶³ËÊý
..\SYSTEM\public\SysTick.c: 1 warning, 0 errors
compiling system_stm32f10x.c...
compiling stm32f10x_it.c...
compiling main.c...
main.c(95): warning:  #223-D: function "uart_init" declared implicitly
  	uart_init();
main.c(101): warning:  #223-D: function "SysTick_Init" declared implicitly
  	SysTick_Init(72);
main.c(134): warning:  #111-D: statement is unreachable
  			delay_ms(10);
main.c(93): warning:  #177-D: variable "TEMP_I"  was declared but never referenced
  	uint8_t TEMP_I=0;
main.c: 4 warnings, 0 errors
linking...
Program Size: Code=8336 RO-data=8160 RW-data=3672 ZI-data=2832  
FromELF: creating hex file...
"..\OBJ\OLED.axf" - 0 Error(s), 5 Warning(s).

<h2>Collection of Component include folders:</h2>
  F:\xlab\Çï¶¬ÏîÄ¿\demo8_OLED\USER\RTE\_Target_1
  F:\keil 5\ARM\PACK\Keil\STM32F1xx_DFP\2.1.0\Device\Include

<h2>Collection of Component Files used:</h2>
Build Time Elapsed:  00:00:01
</pre>
</body>
</html>
